client,available,held,total,locked
1,	44.02	  0,   44.02, false
