client,	available, held, total, locked
2,	-1.5,	   0,    -1.5,	true
