client,available,held,total,locked
1,223.5835,0,223.5835,false
